bash: /opt/amber/amber.sh: No such file or directory
bash: [[: DN0a62b050.SUNet: syntax error: invalid arithmetic operator (error token is ".SUNet")
bash: [[: DN0a62b050.SUNet: syntax error: invalid arithmetic operator (error token is ".SUNet")
]0;~/Desktop/Research/Phase2[?1034h]0;anniechang@DN0a62b050: ~/Desktop/Research/Phase2anniechang@DN0a62b050:~/Desktop/Research/Phase2$ [K]0;anniechang@DN0a62b050: ~/Desktop/Research/Phase2anniechang@DN0a62b050:~/Desktop/Research/Phase2$ clear
[3J[H[2J]0;~/Desktop/Research/Phase2]0;anniechang@DN0a62b050: ~/Desktop/Research/Phase2anniechang@DN0a62b050:~/Desktop/Research/Phase2$ echo "# fall2018" >> README.md
]0;~/Desktop/Research/Phase2]0;anniechang@DN0a62b050: ~/Desktop/Research/Phase2anniechang@DN0a62b050:~/Desktop/Research/Phase2$ git init
Initialized empty Git repository in /Users/anniechang/Desktop/Research/Phase2/.git/
]0;~/Desktop/Research/Phase2]0;anniechang@DN0a62b050: ~/Desktop/Research/Phase2anniechang@DN0a62b050:~/Desktop/Research/Phase2$ git add EAD[K[K[KREADME.md
]0;~/Desktop/Research/Phase2]0;anniechang@DN0a62b050: ~/Desktop/Research/Phase2anniechang@DN0a62b050:~/Desktop/Research/Phase2$ git commit -m "first commit"
[master (root-commit) 83f3212] first commit
 Committer: Annie Chang <anniechang@DN0a62b050.SUNet>
Your name and email address were configured automatically based
on your username and hostname. Please check that they are accurate.
You can suppress this message by setting them explicitly. Run the
following command and follow the instructions in your editor to edit
your configuration file:

    git config --global --edit

After doing this, you may fix the identity used for this commit with:

    git commit --amend --reset-author

 1 file changed, 1 insertion(+)
 create mode 100644 README.md
]0;~/Desktop/Research/Phase2]0;anniechang@DN0a62b050: ~/Desktop/Research/Phase2anniechang@DN0a62b050:~/Desktop/Research/Phase2$ git remote add origin https://github.com/anniechang215/fall2018.git
]0;~/Desktop/Research/Phase2]0;anniechang@DN0a62b050: ~/Desktop/Research/Phase2anniechang@DN0a62b050:~/Desktop/Research/Phase2$ git push -u origin master
Counting objects: 3, done.
Writing objects:  33% (1/3)   Writing objects:  66% (2/3)   Writing objects: 100% (3/3)   Writing objects: 100% (3/3), 229 bytes | 0 bytes/s, done.
Total 3 (delta 0), reused 0 (delta 0)
remote: 
remote: Create a pull request for 'master' on GitHub by visiting:[K
remote:      https://github.com/anniechang215/fall2018/pull/new/master[K
remote: 
To https://github.com/anniechang215/fall2018.git
 * [new branch]      master -> master
Branch master set up to track remote branch master from origin.
]0;~/Desktop/Research/Phase2]0;anniechang@DN0a62b050: ~/Desktop/Research/Phase2anniechang@DN0a62b050:~/Desktop/Research/Phase2$ [K]0;anniechang@DN0a62b050: ~/Desktop/Research/Phase2anniechang@DN0a62b050:~/Desktop/Research/Phase2$ [K]0;anniechang@DN0a62b050: ~/Desktop/Research/Phase2anniechang@DN0a62b050:~/Desktop/Research/Phase2$ [K]0;anniechang@DN0a62b050: ~/Desktop/Research/Phase2anniechang@DN0a62b050:~/Desktop/Research/Phase2$ git add .
]0;~/Desktop/Research/Phase2]0;anniechang@DN0a62b050: ~/Desktop/Research/Phase2anniechang@DN0a62b050:~/Desktop/Research/Phase2$ git commit -m "add file for sex labeling tokerd[K data"
[master 7808cfd] add file for sex labeling toker data
 Committer: Annie Chang <anniechang@DN0a62b050.SUNet>
Your name and email address were configured automatically based
on your username and hostname. Please check that they are accurate.
You can suppress this message by setting them explicitly. Run the
following command and follow the instructions in your editor to edit
your configuration file:

    git config --global --edit

After doing this, you may fix the identity used for this commit with:

    git commit --amend --reset-author

 13 files changed, 305 insertions(+)
 create mode 100644 .Rproj.user/B4234B5E/console06/C23B2DCD
 create mode 100644 .Rproj.user/B4234B5E/console06/C23B2DCD.env
 create mode 100644 .Rproj.user/B4234B5E/console06/INDEX001
 create mode 100644 .Rproj.user/B4234B5E/sources/prop/A4CD8D38
 create mode 100644 .Rproj.user/B4234B5E/sources/prop/INDEX
 create mode 100644 .Rproj.user/B4234B5E/sources/s-B4673EBF/955877D9
 create mode 100644 .Rproj.user/B4234B5E/sources/s-B4673EBF/955877D9-contents
 create mode 100644 .Rproj.user/B4234B5E/sources/s-B4673EBF/lock_file
 create mode 100644 .Rproj.user/shared/notebooks/D4A56582-TokerSexLabeling/1/s/chunks.json
 create mode 100644 .Rproj.user/shared/notebooks/patch-chunk-names
 create mode 100644 .Rproj.user/shared/notebooks/paths
 create mode 100644 Phase2.Rproj
 create mode 100644 TokerSexLabeling.Rmd
]0;~/Desktop/Research/Phase2]0;anniechang@DN0a62b050: ~/Desktop/Research/Phase2anniechang@DN0a62b050:~/Desktop/Research/Phase2$ git push origin master[K]0;anniechang@DN0a62b050: ~/Desktop/Research/Phase2anniechang@DN0a62b050:~/Desktop/Research/Phase2$ git push origin master[K]0;anniechang@DN0a62b050: ~/Desktop/Research/Phase2anniechang@DN0a62b050:~/Desktop/Research/Phase2$ git push origin master
Counting objects: 24, done.
Delta compression using up to 4 threads.
Compressing objects:   5% (1/19)   Compressing objects:  10% (2/19)   Compressing objects:  15% (3/19)   Compressing objects:  21% (4/19)   Compressing objects:  26% (5/19)   Compressing objects:  31% (6/19)   Compressing objects:  36% (7/19)   Compressing objects:  42% (8/19)   Compressing objects:  47% (9/19)   Compressing objects:  52% (10/19)   Compressing objects:  57% (11/19)   Compressing objects:  63% (12/19)   Compressing objects:  68% (13/19)   Compressing objects:  73% (14/19)   Compressing objects:  78% (15/19)   Compressing objects:  84% (16/19)   Compressing objects:  89% (17/19)   Compressing objects:  94% (18/19)   Compressing objects: 100% (19/19)   Compressing objects: 100% (19/19), done.
Writing objects:   4% (1/24)   Writing objects:   8% (2/24)   Writing objects:  12% (3/24)   Writing objects:  16% (4/24)   Writing objects:  20% (5/24)   Writing objects:  25% (6/24)   Writing objects:  29% (7/24)   Writing objects:  33% (8/24)   Writing objects:  37% (9/24)   Writing objects:  41% (10/24)   Writing objects:  45% (11/24)   Writing objects:  50% (12/24)   Writing objects:  54% (13/24)   Writing objects:  58% (14/24)   Writing objects:  62% (15/24)   Writing objects:  66% (16/24)   Writing objects:  70% (17/24)   Writing objects:  75% (18/24)   Writing objects:  79% (19/24)   Writing objects:  83% (20/24)   Writing objects:  87% (21/24)   Writing objects:  91% (22/24)   Writing objects:  95% (23/24)   Writing objects: 100% (24/24)   Writing objects: 100% (24/24), 5.62 KiB | 0 bytes/s, done.
Total 24 (delta 0), reused 0 (delta 0)
To https://github.com/anniechang215/fall2018.git
   83f3212..7808cfd  master -> master
]0;~/Desktop/Research/Phase2]0;anniechang@DN0a62b050: ~/Desktop/Research/Phase2anniechang@DN0a62b050:~/Desktop/Research/Phase2$ [K]0;anniechang@DN0a62b050: ~/Desktop/Research/Phase2anniechang@DN0a62b050:~/Desktop/Research/Phase2$ [K]0;anniechang@DN0a62b050: ~/Desktop/Research/Phase2anniechang@DN0a62b050:~/Desktop/Research/Phase2$ git commit -m "revised file"
On branch master
Your branch is up-to-date with 'origin/master'.
Changes not staged for commit:
	[31mmodified:   .Rproj.user/B4234B5E/console06/C23B2DCD[m
	[31mmodified:   .Rproj.user/B4234B5E/console06/INDEX001[m
	[31mmodified:   .Rproj.user/B4234B5E/sources/prop/A4CD8D38[m
	[31mmodified:   .Rproj.user/B4234B5E/sources/s-B4673EBF/955877D9[m
	[31mmodified:   .Rproj.user/B4234B5E/sources/s-B4673EBF/955877D9-contents[m
	[31mmodified:   .Rproj.user/shared/notebooks/D4A56582-TokerSexLabeling/1/s/chunks.json[m
	[31mmodified:   TokerSexLabeling.Rmd[m

Untracked files:
	[31m.Rproj.user/B4234B5E/sources/s-B4673EBF/2F66EA64[m
	[31m.Rproj.user/B4234B5E/sources/s-B4673EBF/2F66EA64-contents[m
	[31m.Rproj.user/shared/notebooks/D4A56582-TokerSexLabeling/1/B4234B5EB4673EBF/[m
	[31m.Rproj.user/shared/notebooks/D4A56582-TokerSexLabeling/1/s/cfwx9tj5mo4ca/[m
	[31m.Rproj.user/shared/notebooks/D4A56582-TokerSexLabeling/1/s/cy2dfdlqvgbxn/[m

no changes added to commit
]0;~/Desktop/Research/Phase2]0;anniechang@DN0a62b050: ~/Desktop/Research/Phase2anniechang@DN0a62b050:~/Desktop/Research/Phase2$ git commit -m "revised file"
On branch master
Your branch is up-to-date with 'origin/master'.
Changes not staged for commit:
	[31mmodified:   .Rproj.user/B4234B5E/console06/C23B2DCD[m
	[31mmodified:   .Rproj.user/B4234B5E/console06/INDEX001[m
	[31mmodified:   .Rproj.user/B4234B5E/sources/prop/A4CD8D38[m
	[31mmodified:   .Rproj.user/B4234B5E/sources/s-B4673EBF/955877D9[m
	[31mmodified:   .Rproj.user/B4234B5E/sources/s-B4673EBF/955877D9-contents[m
	[31mmodified:   .Rproj.user/shared/notebooks/D4A56582-TokerSexLabeling/1/s/chunks.json[m
	[31mmodified:   TokerSexLabeling.Rmd[m

Untracked files:
	[31m.Rproj.user/B4234B5E/sources/s-B4673EBF/2F66EA64[m
	[31m.Rproj.user/B4234B5E/sources/s-B4673EBF/2F66EA64-contents[m
	[31m.Rproj.user/shared/notebooks/D4A56582-TokerSexLabeling/1/B4234B5EB4673EBF/[m
	[31m.Rproj.user/shared/notebooks/D4A56582-TokerSexLabeling/1/s/cfwx9tj5mo4ca/[m
	[31m.Rproj.user/shared/notebooks/D4A56582-TokerSexLabeling/1/s/cy2dfdlqvgbxn/[m

no changes added to commit
]0;~/Desktop/Research/Phase2]0;anniechang@DN0a62b050: ~/Desktop/Research/Phase2anniechang@DN0a62b050:~/Desktop/Research/Phase2$ git add .